helmchart
| Chart.yml:1:1:27:26 | HelmChart Document |
helmchartValues
| values.yaml:2:1:104:23 | HelmChart Value Document |
| values.yaml:4:3:10:27 | HelmChart Value Document |
| values.yaml:12:15:12:16 | HelmChart Value Document |
| values.yaml:17:3:104:23 | HelmChart Value Document |
| values.yaml:36:16:36:17 | HelmChart Value Document |
| values.yaml:38:11:38:12 | HelmChart Value Document |
| values.yaml:40:19:40:20 | HelmChart Value Document |
| values.yaml:42:14:42:15 | HelmChart Value Document |
| values.yaml:79:5:79:6 | HelmChart Value Document |
| values.yaml:95:5:95:6 | HelmChart Value Document |
helmchartAssignedValues
helmchartSpec
| Chart.yml:22:3:27:26 | securityContext: |
helmchartContainers
| Chart.yml:26:7:27:26 | Container |
helmchartContainerSecurityContext
| Chart.yml:23:5:25:2 | SecurityContext |
helmchartDeps
| Chart.yml:14:5:17:2 | nginx |
| Chart.yml:17:5:19:53 | memcached |
