| rbac_enabled.hcl:6:24:6:27 | true | ABAC Enabled |
