| s3.yml:4:5:12:2 | CloudFormation Resource | Public S3 Bucket resource |
