| S3-old.hcl:1:1:3:1 | resource aws_s3_bucket data | Logging disabled for: "data" |
