| eks.tf:4:3:6:3 | vpc_config | EKS Cluster Publically Accessible |
