| storage.bicep:11:1:16:1 | ResourceDeclaration | Public Blob Container resource. |
