| eks.tf:2:1:8:1 | resource aws_eks_cluster cluster | EKS Unencrypted Secrets |
