| gke.hcl:13:5:15:5 | cidr_blocks | No Pod Security Policy Defined |
