| key_vault_key.hcl:1:1:6:1 | KeyVaultKey generated | weak key size |
