| Chart.yml:6:15:6:18 | true | privileged enabled |
| Chart.yml:32:21:32:24 | true | privileged enabled |
