| storage.tf:7:1:10:1 | resource google_storage_bucket bucket | Public Storage Bucket. |
